[browser] updating from  114 to  122
[browser] Image with src "https://images.unsplash.com/photo-1628749528992-f5702133b686?q=80&w=1368&auto=format&fit=crop" has "fill" but is missing "sizes" prop. Please add it to improve page performance. Read more: https://nextjs.org/docs/api-reference/next/image#sizes
[browser] Image with src "https://images.unsplash.com/photo-1524267213992-b76e8577d046?q=80&w=1368&auto=format&fit=crop" has "fill" but is missing "sizes" prop. Please add it to improve page performance. Read more: https://nextjs.org/docs/api-reference/next/image#sizes
[browser] Image with src "https://images.unsplash.com/photo-1512316609839-ce289d3eba0a?q=80&w=1368&auto=format&fit=crop" has "fill" but is missing "sizes" prop. Please add it to improve page performance. Read more: https://nextjs.org/docs/api-reference/next/image#sizes
[browser] updating from  114 to  122
[browser] Image with src "https://images.unsplash.com/photo-1677442136019-21780ecad995?q=80&w=1200&auto=format&fit=crop" was detected as the Largest Contentful Paint (LCP). Please add the `loading="eager"` property if this image is above the fold.
Read more: https://nextjs.org/docs/app/api-reference/components/image#loading
[browser] Image with src "https://images.unsplash.com/photo-1512316609839-ce289d3eba0a?q=80&w=1368&auto=format&fit=crop" has "fill" but is missing "sizes" prop. Please add it to improve page performance. Read more: https://nextjs.org/docs/api-reference/next/image#sizes
[browser] Image with src "https://images.unsplash.com/photo-1628749528992-f5702133b686?q=80&w=1368&auto=format&fit=crop" has "fill" but is missing "sizes" prop. Please add it to improve page performance. Read more: https://nextjs.org/docs/api-reference/next/image#sizes
[browser] Image with src "https://images.unsplash.com/photo-1524267213992-b76e8577d046?q=80&w=1368&auto=format&fit=crop" has "fill" but is missing "sizes" prop. Please add it to improve page performance. Read more: https://nextjs.org/docs/api-reference/next/image#sizes
[browser] updating from  114 to  122
[browser] Image with src "https://images.unsplash.com/photo-1524267213992-b76e8577d046?q=80&w=1368&auto=format&fit=crop" has "fill" but is missing "sizes" prop. Please add it to improve page performance. Read more: https://nextjs.org/docs/api-reference/next/image#sizes
[browser] Image with src "https://images.unsplash.com/photo-1512316609839-ce289d3eba0a?q=80&w=1368&auto=format&fit=crop" has "fill" but is missing "sizes" prop. Please add it to improve page performance. Read more: https://nextjs.org/docs/api-reference/next/image#sizes
[browser] Image with src "https://images.unsplash.com/photo-1628749528992-f5702133b686?q=80&w=1368&auto=format&fit=crop" has "fill" but is missing "sizes" prop. Please add it to improve page performance. Read more: https://nextjs.org/docs/api-reference/next/image#sizes
[browser] Image with src "https://images.unsplash.com/photo-1512316609839-ce289d3eba0a?q=80&w=1368&auto=format&fit=crop" has "fill" but is missing "sizes" prop. Please add it to improve page performance. Read more: https://nextjs.org/docs/api-reference/next/image#sizes
[browser] updating from  114 to  122
[browser] Image with src "https://images.unsplash.com/photo-1628749528992-f5702133b686?q=80&w=1368&auto=format&fit=crop" has "fill" but is missing "sizes" prop. Please add it to improve page performance. Read more: https://nextjs.org/docs/api-reference/next/image#sizes
[browser] Image with src "https://images.unsplash.com/photo-1512316609839-ce289d3eba0a?q=80&w=1368&auto=format&fit=crop" has "fill" but is missing "sizes" prop. Please add it to improve page performance. Read more: https://nextjs.org/docs/api-reference/next/image#sizes
[browser] updating from  114 to  122
[browser] Image with src "https://images.unsplash.com/photo-1628749528992-f5702133b686?q=80&w=1368&auto=format&fit=crop" has "fill" but is missing "sizes" prop. Please add it to improve page performance. Read more: https://nextjs.org/docs/api-reference/next/image#sizes
[browser] Image with src "https://images.unsplash.com/photo-1524267213992-b76e8577d046?q=80&w=1368&auto=format&fit=crop" has "fill" but is missing "sizes" prop. Please add it to improve page performance. Read more: https://nextjs.org/docs/api-reference/next/image#sizes
[browser] updating from  114 to  122
[browser] Image with src "/images/showcase/Hotel Website.png" has "fill" but is missing "sizes" prop. Please add it to improve page performance. Read more: https://nextjs.org/docs/api-reference/next/image#sizes
[browser] Image with src "/images/showcase/Mobile Ready.png" has "fill" but is missing "sizes" prop. Please add it to improve page performance. Read more: https://nextjs.org/docs/api-reference/next/image#sizes
[browser] Image with src "/images/showcase/Room Status.png" has "fill" but is missing "sizes" prop. Please add it to improve page performance. Read more: https://nextjs.org/docs/api-reference/next/image#sizes
[browser] updating from  114 to  122
[browser] Image with src "https://images.unsplash.com/photo-1512316609839-ce289d3eba0a?q=80&w=1368&auto=format&fit=crop" has "fill" but is missing "sizes" prop. Please add it to improve page performance. Read more: https://nextjs.org/docs/api-reference/next/image#sizes
[browser] Image with src "https://images.unsplash.com/photo-1628749528992-f5702133b686?q=80&w=1368&auto=format&fit=crop" has "fill" but is missing "sizes" prop. Please add it to improve page performance. Read more: https://nextjs.org/docs/api-reference/next/image#sizes
[browser] Image with src "https://images.unsplash.com/photo-1524267213992-b76e8577d046?q=80&w=1368&auto=format&fit=crop" has "fill" but is missing "sizes" prop. Please add it to improve page performance. Read more: https://nextjs.org/docs/api-reference/next/image#sizes
[browser] updating from  114 to  122
[browser] Image with src "https://images.unsplash.com/photo-1512316609839-ce289d3eba0a?q=80&w=1368&auto=format&fit=crop" has "fill" but is missing "sizes" prop. Please add it to improve page performance. Read more: https://nextjs.org/docs/api-reference/next/image#sizes
[browser] Image with src "https://images.unsplash.com/photo-1512316609839-ce289d3eba0a?q=80&w=1368&auto=format&fit=crop" was detected as the Largest Contentful Paint (LCP). Please add the `loading="eager"` property if this image is above the fold.
Read more: https://nextjs.org/docs/app/api-reference/components/image#loading
[browser] Image with src "https://images.unsplash.com/photo-1628749528992-f5702133b686?q=80&w=1368&auto=format&fit=crop" has "fill" but is missing "sizes" prop. Please add it to improve page performance. Read more: https://nextjs.org/docs/api-reference/next/image#sizes
[browser] Image with src "https://images.unsplash.com/photo-1524267213992-b76e8577d046?q=80&w=1368&auto=format&fit=crop" has "fill" but is missing "sizes" prop. Please add it to improve page performance. Read more: https://nextjs.org/docs/api-reference/next/image#sizes
[browser] updating from  114 to  122
[browser] updating from  114 to  122
[browser] updating from  114 to  122
[browser] Image with src "https://images.unsplash.com/photo-1628749528992-f5702133b686?q=80&w=1368&auto=format&fit=crop" has "fill" but is missing "sizes" prop. Please add it to improve page performance. Read more: https://nextjs.org/docs/api-reference/next/image#sizes
[browser] Image with src "https://images.unsplash.com/photo-1524267213992-b76e8577d046?q=80&w=1368&auto=format&fit=crop" has "fill" but is missing "sizes" prop. Please add it to improve page performance. Read more: https://nextjs.org/docs/api-reference/next/image#sizes
[browser] updating from  114 to  122
[browser] updating from  114 to  122
[browser] Image with src "https://images.unsplash.com/photo-1512316609839-ce289d3eba0a?q=80&w=1368&auto=format&fit=crop" has "fill" but is missing "sizes" prop. Please add it to improve page performance. Read more: https://nextjs.org/docs/api-reference/next/image#sizes
[browser] Image with src "/images/AI IMAGE/1.png" has "fill" but is missing "sizes" prop. Please add it to improve page performance. Read more: https://nextjs.org/docs/api-reference/next/image#sizes
[browser] updating from  114 to  122
[browser] Image with src "/images/AI IMAGE/2.png" has "fill" but is missing "sizes" prop. Please add it to improve page performance. Read more: https://nextjs.org/docs/api-reference/next/image#sizes
[browser] Image with src "/images/AI IMAGE/3.png" has "fill" but is missing "sizes" prop. Please add it to improve page performance. Read more: https://nextjs.org/docs/api-reference/next/image#sizes
[browser] updating from  114 to  122
[browser] Image with src "/images/AI IMAGE/1.png" has "fill" but is missing "sizes" prop. Please add it to improve page performance. Read more: https://nextjs.org/docs/api-reference/next/image#sizes
[browser] updating from  114 to  122
[browser] Image with src "/images/AI IMAGE/2.png" has "fill" but is missing "sizes" prop. Please add it to improve page performance. Read more: https://nextjs.org/docs/api-reference/next/image#sizes
[browser] Image with src "/images/AI IMAGE/3.png" has "fill" but is missing "sizes" prop. Please add it to improve page performance. Read more: https://nextjs.org/docs/api-reference/next/image#sizes
[browser] Image with src "/images/AI IMAGE/1.png" has "fill" but is missing "sizes" prop. Please add it to improve page performance. Read more: https://nextjs.org/docs/api-reference/next/image#sizes
[browser] Uncaught Error: Internal Next.js error: Router action dispatched before initialization.
[browser] Uncaught Error: Internal Next.js error: Router action dispatched before initialization.
[browser] Uncaught Error: Internal Next.js error: Router action dispatched before initialization.
[browser] Uncaught Error: Internal Next.js error: Router action dispatched before initialization.
[browser] Uncaught Error: Internal Next.js error: Router action dispatched before initialization.
[browser] Uncaught Error: Internal Next.js error: Router action dispatched before initialization.
[browser] Uncaught Error: Internal Next.js error: Router action dispatched before initialization.
[browser] Uncaught Error: Internal Next.js error: Router action dispatched before initialization.
[browser] Uncaught Error: Internal Next.js error: Router action dispatched before initialization.
[browser] Uncaught Error: Internal Next.js error: Router action dispatched before initialization.
[browser] Uncaught Error: Internal Next.js error: Router action dispatched before initialization.
[browser] Uncaught Error: Internal Next.js error: Router action dispatched before initialization.
[browser] Uncaught Error: Internal Next.js error: Router action dispatched before initialization.
[browser] Uncaught Error: Internal Next.js error: Router action dispatched before initialization.
[browser] Uncaught Error: Internal Next.js error: Router action dispatched before initialization.
[browser] Uncaught Error: Internal Next.js error: Router action dispatched before initialization.
[browser] Uncaught Error: Internal Next.js error: Router action dispatched before initialization.
[browser] Uncaught Error: Internal Next.js error: Router action dispatched before initialization.
[browser] Uncaught Error: Internal Next.js error: Router action dispatched before initialization.
[browser] Uncaught Error: Internal Next.js error: Router action dispatched before initialization.
[browser] Uncaught Error: Internal Next.js error: Router action dispatched before initialization.
[browser] Uncaught Error: Internal Next.js error: Router action dispatched before initialization.
[browser] Uncaught Error: Internal Next.js error: Router action dispatched before initialization.
[browser] Uncaught Error: Internal Next.js error: Router action dispatched before initialization.
[browser] Uncaught Error: Internal Next.js error: Router action dispatched before initialization.
[browser] Uncaught Error: Internal Next.js error: Router action dispatched before initialization.
[browser] Uncaught Error: Internal Next.js error: Router action dispatched before initialization.
[browser] Uncaught Error: Internal Next.js error: Router action dispatched before initialization.
[browser] updating from  114 to  122
[browser] updating from  114 to  122
[browser] updating from  114 to  122
