Mongo quote create failed, saving locally instead: MongooseServerSelectionError: Could not connect to any servers in your MongoDB Atlas cluster. One common reason is that you're trying to access the database from an IP that isn't whitelisted. Make sure your current IP address is on your Atlas cluster's IP whitelist: https://www.mongodb.com/docs/atlas/security-whitelist/
    at async o (C:\xampp\htdocs\stairiosite\.next\server\chunks\[root-of-the-server]__0gde7-1._.js:1:1934)
    at async y (C:\xampp\htdocs\stairiosite\.next\server\chunks\[root-of-the-server]__0gde7-1._.js:1:4092)
    at async v (C:\xampp\htdocs\stairiosite\.next\server\chunks\[root-of-the-server]__11f1vtk._.js:1:5449)
    at async l (C:\xampp\htdocs\stairiosite\.next\server\chunks\[root-of-the-server]__11f1vtk._.js:1:9064)
    at async s (C:\xampp\htdocs\stairiosite\.next\server\chunks\[root-of-the-server]__11f1vtk._.js:1:10105) {
  errorLabelSet: Set(0) {},
  reason: TopologyDescription {
    type: 'ReplicaSetNoPrimary',
    servers: Map(3) {
      'ac-pjoids8-shard-00-00.dyxrhjv.mongodb.net:27017' => [ServerDescription],
      'ac-pjoids8-shard-00-01.dyxrhjv.mongodb.net:27017' => [ServerDescription],
      'ac-pjoids8-shard-00-02.dyxrhjv.mongodb.net:27017' => [ServerDescription]
    },
    stale: false,
    compatible: true,
    heartbeatFrequencyMS: 10000,
    localThresholdMS: 15,
    setName: 'atlas-6m9sv0-shard-0',
    maxElectionId: null,
    maxSetVersion: null,
    commonWireVersion: 0,
    logicalSessionTimeoutMinutes: null
  },
  code: undefined,
  [cause]: TopologyDescription {
    type: 'ReplicaSetNoPrimary',
    servers: Map(3) {
      'ac-pjoids8-shard-00-00.dyxrhjv.mongodb.net:27017' => [ServerDescription],
      'ac-pjoids8-shard-00-01.dyxrhjv.mongodb.net:27017' => [ServerDescription],
      'ac-pjoids8-shard-00-02.dyxrhjv.mongodb.net:27017' => [ServerDescription]
    },
    stale: false,
    compatible: true,
    heartbeatFrequencyMS: 10000,
    localThresholdMS: 15,
    setName: 'atlas-6m9sv0-shard-0',
    maxElectionId: null,
    maxSetVersion: null,
    commonWireVersion: 0,
    logicalSessionTimeoutMinutes: null
  }
}
Mongo quote list failed, using local storage only: MongooseServerSelectionError: Could not connect to any servers in your MongoDB Atlas cluster. One common reason is that you're trying to access the database from an IP that isn't whitelisted. Make sure your current IP address is on your Atlas cluster's IP whitelist: https://www.mongodb.com/docs/atlas/security-whitelist/
    at ignore-listed frames {
  errorLabelSet: Set(0) {},
  reason: TopologyDescription {
    type: 'ReplicaSetNoPrimary',
    servers: Map(3) {
      'ac-pjoids8-shard-00-00.dyxrhjv.mongodb.net:27017' => [ServerDescription],
      'ac-pjoids8-shard-00-01.dyxrhjv.mongodb.net:27017' => [ServerDescription],
      'ac-pjoids8-shard-00-02.dyxrhjv.mongodb.net:27017' => [ServerDescription]
    },
    stale: false,
    compatible: true,
    heartbeatFrequencyMS: 10000,
    localThresholdMS: 15,
    setName: 'atlas-6m9sv0-shard-0',
    maxElectionId: null,
    maxSetVersion: null,
    commonWireVersion: 0,
    logicalSessionTimeoutMinutes: null
  },
  code: undefined,
  [cause]: TopologyDescription {
    type: 'ReplicaSetNoPrimary',
    servers: Map(3) {
      'ac-pjoids8-shard-00-00.dyxrhjv.mongodb.net:27017' => [ServerDescription],
      'ac-pjoids8-shard-00-01.dyxrhjv.mongodb.net:27017' => [ServerDescription],
      'ac-pjoids8-shard-00-02.dyxrhjv.mongodb.net:27017' => [ServerDescription]
    },
    stale: false,
    compatible: true,
    heartbeatFrequencyMS: 10000,
    localThresholdMS: 15,
    setName: 'atlas-6m9sv0-shard-0',
    maxElectionId: null,
    maxSetVersion: null,
    commonWireVersion: 0,
    logicalSessionTimeoutMinutes: null
  }
}
Mongo quote list failed, using local storage only: MongooseServerSelectionError: Could not connect to any servers in your MongoDB Atlas cluster. One common reason is that you're trying to access the database from an IP that isn't whitelisted. Make sure your current IP address is on your Atlas cluster's IP whitelist: https://www.mongodb.com/docs/atlas/security-whitelist/
    at ignore-listed frames {
  errorLabelSet: Set(0) {},
  reason: TopologyDescription {
    type: 'ReplicaSetNoPrimary',
    servers: Map(3) {
      'ac-pjoids8-shard-00-00.dyxrhjv.mongodb.net:27017' => [ServerDescription],
      'ac-pjoids8-shard-00-01.dyxrhjv.mongodb.net:27017' => [ServerDescription],
      'ac-pjoids8-shard-00-02.dyxrhjv.mongodb.net:27017' => [ServerDescription]
    },
    stale: false,
    compatible: true,
    heartbeatFrequencyMS: 10000,
    localThresholdMS: 15,
    setName: 'atlas-6m9sv0-shard-0',
    maxElectionId: null,
    maxSetVersion: null,
    commonWireVersion: 0,
    logicalSessionTimeoutMinutes: null
  },
  code: undefined,
  [cause]: TopologyDescription {
    type: 'ReplicaSetNoPrimary',
    servers: Map(3) {
      'ac-pjoids8-shard-00-00.dyxrhjv.mongodb.net:27017' => [ServerDescription],
      'ac-pjoids8-shard-00-01.dyxrhjv.mongodb.net:27017' => [ServerDescription],
      'ac-pjoids8-shard-00-02.dyxrhjv.mongodb.net:27017' => [ServerDescription]
    },
    stale: false,
    compatible: true,
    heartbeatFrequencyMS: 10000,
    localThresholdMS: 15,
    setName: 'atlas-6m9sv0-shard-0',
    maxElectionId: null,
    maxSetVersion: null,
    commonWireVersion: 0,
    logicalSessionTimeoutMinutes: null
  }
}
Mongo quote list failed, using local storage only: MongooseServerSelectionError: Could not connect to any servers in your MongoDB Atlas cluster. One common reason is that you're trying to access the database from an IP that isn't whitelisted. Make sure your current IP address is on your Atlas cluster's IP whitelist: https://www.mongodb.com/docs/atlas/security-whitelist/
    at async h (C:\xampp\htdocs\stairiosite\.next\server\chunks\ssr\[root-of-the-server]__0wwdzdg._.js:1:3039)
    at async n (C:\xampp\htdocs\stairiosite\.next\server\chunks\ssr\[root-of-the-server]__0wwdzdg._.js:1:4141)
    at async q (C:\xampp\htdocs\stairiosite\.next\server\chunks\ssr\[root-of-the-server]__0wwdzdg._.js:1:4803) {
  errorLabelSet: Set(0) {},
  reason: TopologyDescription {
    type: 'ReplicaSetNoPrimary',
    servers: Map(3) {
      'ac-pjoids8-shard-00-00.dyxrhjv.mongodb.net:27017' => [ServerDescription],
      'ac-pjoids8-shard-00-01.dyxrhjv.mongodb.net:27017' => [ServerDescription],
      'ac-pjoids8-shard-00-02.dyxrhjv.mongodb.net:27017' => [ServerDescription]
    },
    stale: false,
    compatible: true,
    heartbeatFrequencyMS: 10000,
    localThresholdMS: 15,
    setName: 'atlas-6m9sv0-shard-0',
    maxElectionId: null,
    maxSetVersion: null,
    commonWireVersion: 0,
    logicalSessionTimeoutMinutes: null
  },
  code: undefined,
  [cause]: TopologyDescription {
    type: 'ReplicaSetNoPrimary',
    servers: Map(3) {
      'ac-pjoids8-shard-00-00.dyxrhjv.mongodb.net:27017' => [ServerDescription],
      'ac-pjoids8-shard-00-01.dyxrhjv.mongodb.net:27017' => [ServerDescription],
      'ac-pjoids8-shard-00-02.dyxrhjv.mongodb.net:27017' => [ServerDescription]
    },
    stale: false,
    compatible: true,
    heartbeatFrequencyMS: 10000,
    localThresholdMS: 15,
    setName: 'atlas-6m9sv0-shard-0',
    maxElectionId: null,
    maxSetVersion: null,
    commonWireVersion: 0,
    logicalSessionTimeoutMinutes: null
  }
}
Mongo quote list failed, using local storage only: MongooseServerSelectionError: Could not connect to any servers in your MongoDB Atlas cluster. One common reason is that you're trying to access the database from an IP that isn't whitelisted. Make sure your current IP address is on your Atlas cluster's IP whitelist: https://www.mongodb.com/docs/atlas/security-whitelist/
    at async h (C:\xampp\htdocs\stairiosite\.next\server\chunks\ssr\[root-of-the-server]__0wwdzdg._.js:1:3039)
    at async n (C:\xampp\htdocs\stairiosite\.next\server\chunks\ssr\[root-of-the-server]__0wwdzdg._.js:1:4141)
    at async q (C:\xampp\htdocs\stairiosite\.next\server\chunks\ssr\[root-of-the-server]__0wwdzdg._.js:1:4803) {
  errorLabelSet: Set(0) {},
  reason: TopologyDescription {
    type: 'ReplicaSetNoPrimary',
    servers: Map(3) {
      'ac-pjoids8-shard-00-00.dyxrhjv.mongodb.net:27017' => [ServerDescription],
      'ac-pjoids8-shard-00-01.dyxrhjv.mongodb.net:27017' => [ServerDescription],
      'ac-pjoids8-shard-00-02.dyxrhjv.mongodb.net:27017' => [ServerDescription]
    },
    stale: false,
    compatible: true,
    heartbeatFrequencyMS: 10000,
    localThresholdMS: 15,
    setName: 'atlas-6m9sv0-shard-0',
    maxElectionId: null,
    maxSetVersion: null,
    commonWireVersion: 0,
    logicalSessionTimeoutMinutes: null
  },
  code: undefined,
  [cause]: TopologyDescription {
    type: 'ReplicaSetNoPrimary',
    servers: Map(3) {
      'ac-pjoids8-shard-00-00.dyxrhjv.mongodb.net:27017' => [ServerDescription],
      'ac-pjoids8-shard-00-01.dyxrhjv.mongodb.net:27017' => [ServerDescription],
      'ac-pjoids8-shard-00-02.dyxrhjv.mongodb.net:27017' => [ServerDescription]
    },
    stale: false,
    compatible: true,
    heartbeatFrequencyMS: 10000,
    localThresholdMS: 15,
    setName: 'atlas-6m9sv0-shard-0',
    maxElectionId: null,
    maxSetVersion: null,
    commonWireVersion: 0,
    logicalSessionTimeoutMinutes: null
  }
}
Mongo quote create failed, saving locally instead: MongooseServerSelectionError: Could not connect to any servers in your MongoDB Atlas cluster. One common reason is that you're trying to access the database from an IP that isn't whitelisted. Make sure your current IP address is on your Atlas cluster's IP whitelist: https://www.mongodb.com/docs/atlas/security-whitelist/
    at async o (C:\xampp\htdocs\stairiosite\.next\server\chunks\[root-of-the-server]__0gde7-1._.js:1:1934)
    at async y (C:\xampp\htdocs\stairiosite\.next\server\chunks\[root-of-the-server]__0gde7-1._.js:1:4092)
    at async v (C:\xampp\htdocs\stairiosite\.next\server\chunks\[root-of-the-server]__11f1vtk._.js:1:5449)
    at async l (C:\xampp\htdocs\stairiosite\.next\server\chunks\[root-of-the-server]__11f1vtk._.js:1:9064)
    at async s (C:\xampp\htdocs\stairiosite\.next\server\chunks\[root-of-the-server]__11f1vtk._.js:1:10105) {
  errorLabelSet: Set(0) {},
  reason: TopologyDescription {
    type: 'ReplicaSetNoPrimary',
    servers: Map(3) {
      'ac-pjoids8-shard-00-00.dyxrhjv.mongodb.net:27017' => [ServerDescription],
      'ac-pjoids8-shard-00-01.dyxrhjv.mongodb.net:27017' => [ServerDescription],
      'ac-pjoids8-shard-00-02.dyxrhjv.mongodb.net:27017' => [ServerDescription]
    },
    stale: false,
    compatible: true,
    heartbeatFrequencyMS: 10000,
    localThresholdMS: 15,
    setName: 'atlas-6m9sv0-shard-0',
    maxElectionId: null,
    maxSetVersion: null,
    commonWireVersion: 0,
    logicalSessionTimeoutMinutes: null
  },
  code: undefined,
  [cause]: TopologyDescription {
    type: 'ReplicaSetNoPrimary',
    servers: Map(3) {
      'ac-pjoids8-shard-00-00.dyxrhjv.mongodb.net:27017' => [ServerDescription],
      'ac-pjoids8-shard-00-01.dyxrhjv.mongodb.net:27017' => [ServerDescription],
      'ac-pjoids8-shard-00-02.dyxrhjv.mongodb.net:27017' => [ServerDescription]
    },
    stale: false,
    compatible: true,
    heartbeatFrequencyMS: 10000,
    localThresholdMS: 15,
    setName: 'atlas-6m9sv0-shard-0',
    maxElectionId: null,
    maxSetVersion: null,
    commonWireVersion: 0,
    logicalSessionTimeoutMinutes: null
  }
}
Mongo quote list failed, using local storage only: MongooseServerSelectionError: Could not connect to any servers in your MongoDB Atlas cluster. One common reason is that you're trying to access the database from an IP that isn't whitelisted. Make sure your current IP address is on your Atlas cluster's IP whitelist: https://www.mongodb.com/docs/atlas/security-whitelist/
    at async h (C:\xampp\htdocs\stairiosite\.next\server\chunks\ssr\[root-of-the-server]__0wwdzdg._.js:1:3039)
    at async n (C:\xampp\htdocs\stairiosite\.next\server\chunks\ssr\[root-of-the-server]__0wwdzdg._.js:1:4141)
    at async q (C:\xampp\htdocs\stairiosite\.next\server\chunks\ssr\[root-of-the-server]__0wwdzdg._.js:1:4803) {
  errorLabelSet: Set(0) {},
  reason: TopologyDescription {
    type: 'ReplicaSetNoPrimary',
    servers: Map(3) {
      'ac-pjoids8-shard-00-00.dyxrhjv.mongodb.net:27017' => [ServerDescription],
      'ac-pjoids8-shard-00-01.dyxrhjv.mongodb.net:27017' => [ServerDescription],
      'ac-pjoids8-shard-00-02.dyxrhjv.mongodb.net:27017' => [ServerDescription]
    },
    stale: false,
    compatible: true,
    heartbeatFrequencyMS: 10000,
    localThresholdMS: 15,
    setName: 'atlas-6m9sv0-shard-0',
    maxElectionId: null,
    maxSetVersion: null,
    commonWireVersion: 0,
    logicalSessionTimeoutMinutes: null
  },
  code: undefined,
  [cause]: TopologyDescription {
    type: 'ReplicaSetNoPrimary',
    servers: Map(3) {
      'ac-pjoids8-shard-00-00.dyxrhjv.mongodb.net:27017' => [ServerDescription],
      'ac-pjoids8-shard-00-01.dyxrhjv.mongodb.net:27017' => [ServerDescription],
      'ac-pjoids8-shard-00-02.dyxrhjv.mongodb.net:27017' => [ServerDescription]
    },
    stale: false,
    compatible: true,
    heartbeatFrequencyMS: 10000,
    localThresholdMS: 15,
    setName: 'atlas-6m9sv0-shard-0',
    maxElectionId: null,
    maxSetVersion: null,
    commonWireVersion: 0,
    logicalSessionTimeoutMinutes: null
  }
}
